// Jest Snapshot v1, https://goo.gl/fbAQLP

exports[`Filtering URL params should not be empty if active filters are present 1`] = `
Object {
  "createdFrom": "2019-12-09",
  "createdTo": "2019-12-38",
  "customer": "admin@example.com",
}
`;

exports[`Filtering URL params should not be empty if active filters are present 2`] = `"createdFrom=2019-12-09&createdTo=2019-12-38&customer=admin%40example.com"`;
