// Jest Snapshot v1, https://goo.gl/fbAQLP

exports[`Filtering URL params should not be empty if active filters are present 1`] = `
Object {
  "channel": Array [],
  "clickAndCollect": "false",
  "createdFrom": "2019-12-09",
  "createdTo": "2019-12-38",
  "customer": "email@example.com",
  "giftCard": Array [
    "paid",
    "bought",
  ],
  "metadata": Array [],
  "paymentStatus": Array [
    "FULLY_CHARGED",
    "PARTIALLY_CHARGED",
  ],
  "preorder": "false",
  "status": Array [
    "FULFILLED",
    "PARTIALLY_FULFILLED",
  ],
}
`;

exports[`Filtering URL params should not be empty if active filters are present 2`] = `"clickAndCollect=false&preorder=false&customer=email%40example.com&createdFrom=2019-12-09&createdTo=2019-12-38&giftCard%5B0%5D=paid&giftCard%5B1%5D=bought&status%5B0%5D=FULFILLED&status%5B1%5D=PARTIALLY_FULFILLED&paymentStatus%5B0%5D=FULLY_CHARGED&paymentStatus%5B1%5D=PARTIALLY_CHARGED"`;
